// Jest Snapshot v1, https://goo.gl/fbAQLP

exports[`User should render correctly 1`] = `
<div
  className="user"
>
  <i
    className="fa fa-user"
  />
  Test user
</div>
`;
