// Jest Snapshot v1, https://goo.gl/fbAQLP

exports[`Title should render correctly 1`] = `
<div
  className="title"
>
  Test title
</div>
`;
