// Jest Snapshot v1, https://goo.gl/fbAQLP

exports[`Card should render correctly 1`] = `
<div
  className="card"
>
  <div>
    <div>
      Test Card
    </div>
  </div>
</div>
`;
