// Jest Snapshot v1, https://goo.gl/fbAQLP

exports[`Alert should render correctly 1`] = `
<div
  className="alert"
>
  Test alert
</div>
`;
